Usuario@LAPTOP-HN6DR31H MINGW64 ~/ApuntesNotepad++/EnSo/Prácticas/P6_Cambios/OneDrive_2024-03-06
$ mkdir -p Raiz_repositorio/{Proyectos/Prj1,Procesos/ControlDeCambios}

Usuario@LAPTOP-HN6DR31H MINGW64 ~/ApuntesNotepad++/EnSo/Prácticas/P6_Cambios/OneDrive_2024-03-06
$ ls
 Raiz_repositorio/  'entrega p6 v2'/

Usuario@LAPTOP-HN6DR31H MINGW64 ~/ApuntesNotepad++/EnSo/Prácticas/P6_Cambios/OneDrive_2024-03-06
$ cd Raiz_repositorio

Usuario@LAPTOP-HN6DR31H MINGW64 ~/ApuntesNotepad++/EnSo/Prácticas/P6_Cambios/OneDrive_2024-03-06/Raiz_repositorio
$ ls
Procesos/  Proyectos/

Usuario@LAPTOP-HN6DR31H MINGW64 ~/ApuntesNotepad++/EnSo/Prácticas/P6_Cambios/OneDrive_2024-03-06/Raiz_repositorio
$ touch Raiz_repositorio/historia.txt
touch: cannot touch 'Raiz_repositorio/historia.txt': No such file or directory

Usuario@LAPTOP-HN6DR31H MINGW64 ~/ApuntesNotepad++/EnSo/Prácticas/P6_Cambios/OneDrive_2024-03-06/Raiz_repositorio
$ cd ..

Usuario@LAPTOP-HN6DR31H MINGW64 ~/ApuntesNotepad++/EnSo/Prácticas/P6_Cambios/OneDrive_2024-03-06
$ touch Raiz_repositorio/historia.txt

Usuario@LAPTOP-HN6DR31H MINGW64 ~/ApuntesNotepad++/EnSo/Prácticas/P6_Cambios/OneDrive_2024-03-06
$ cd Raiz_repositorio

Usuario@LAPTOP-HN6DR31H MINGW64 ~/ApuntesNotepad++/EnSo/Prácticas/P6_Cambios/OneDrive_2024-03-06/Raiz_repositorio
$ ls
Procesos/  Proyectos/  historia.txt

Usuario@LAPTOP-HN6DR31H MINGW64 ~/ApuntesNotepad++/EnSo/Prácticas/P6_Cambios/OneDrive_2024-03-06/Raiz_repositorio
$ git init
Initialized empty Git repository in C:/Users/Usuario/ApuntesNotePad++/ENSO/Prácticas/P6_Cambios/OneDrive_2024-03-06/Raiz_repositorio/.git/

Usuario@LAPTOP-HN6DR31H MINGW64 ~/ApuntesNotepad++/EnSo/Prácticas/P6_Cambios/OneDrive_2024-03-06/Raiz_repositorio (main)
$ cd Procesos/Control de Cambios
bash: cd: too many arguments

Usuario@LAPTOP-HN6DR31H MINGW64 ~/ApuntesNotepad++/EnSo/Prácticas/P6_Cambios/OneDrive_2024-03-06/Raiz_repositorio (main)
$ cd Procesos

Usuario@LAPTOP-HN6DR31H MINGW64 ~/ApuntesNotepad++/EnSo/Prácticas/P6_Cambios/OneDrive_2024-03-06/Raiz_repositorio/Procesos (main)
$ ls
ControlDeCambios/

Usuario@LAPTOP-HN6DR31H MINGW64 ~/ApuntesNotepad++/EnSo/Prácticas/P6_Cambios/OneDrive_2024-03-06/Raiz_repositorio/Procesos (main)
$ cd ControldeCambios

Usuario@LAPTOP-HN6DR31H MINGW64 ~/ApuntesNotepad++/EnSo/Prácticas/P6_Cambios/OneDrive_2024-03-06/Raiz_repositorio/Procesos/ControldeCambios (main)
$ git add DP_ControldeCambios_Grupo3-v1.pdf
fatal: pathspec 'DP_ControldeCambios_Grupo3-v1.pdf' did not match any files

Usuario@LAPTOP-HN6DR31H MINGW64 ~/ApuntesNotepad++/EnSo/Prácticas/P6_Cambios/OneDrive_2024-03-06/Raiz_repositorio/Procesos/ControldeCambios (main)
$ git add C:/Users/Usuario/ApuntesNotePad++/ENSO/Prácticas/P6_Cambios/OneDrive_2024-03-06/entrega p6 v2/DP_ControldeCambios_Grupo3-v1.pdf
fatal: C:/Users/Usuario/ApuntesNotePad++/ENSO/Prácticas/P6_Cambios/OneDrive_2024-03-06/entrega: 'C:/Users/Usuario/ApuntesNotePad++/ENSO/Prácticas/P6_Cambios/OneDrive_2024-03-06/entrega' is outside repository at 'C:/Users/Usuario/ApuntesNotePad++/ENSO/Prácticas/P6_Cambios/OneDrive_2024-03-06/Raiz_repositorio'

Usuario@LAPTOP-HN6DR31H MINGW64 ~/ApuntesNotepad++/EnSo/Prácticas/P6_Cambios/OneDrive_2024-03-06/Raiz_repositorio/Procesos/ControldeCambios (main)
$ git add DP_ControldeCambios_Grupo3-v1.pdf
fatal: pathspec 'DP_ControldeCambios_Grupo3-v1.pdf' did not match any files

Usuario@LAPTOP-HN6DR31H MINGW64 ~/ApuntesNotepad++/EnSo/Prácticas/P6_Cambios/OneDrive_2024-03-06/Raiz_repositorio/Procesos/ControldeCambios (main)
$ git add Raiz_repositorio/DP_ControldeCambios_Grupo3-v1.pdf
warning: could not open directory 'Procesos/ControlDeCambios/Raiz_repositorio/': No such file or directory
fatal: pathspec 'Raiz_repositorio/DP_ControldeCambios_Grupo3-v1.pdf' did not match any files

Usuario@LAPTOP-HN6DR31H MINGW64 ~/ApuntesNotepad++/EnSo/Prácticas/P6_Cambios/OneDrive_2024-03-06/Raiz_repositorio/Procesos/ControldeCambios (main)
$ cd ..

Usuario@LAPTOP-HN6DR31H MINGW64 ~/ApuntesNotepad++/EnSo/Prácticas/P6_Cambios/OneDrive_2024-03-06/Raiz_repositorio/Procesos (main)
$ cd ..

Usuario@LAPTOP-HN6DR31H MINGW64 ~/ApuntesNotepad++/EnSo/Prácticas/P6_Cambios/OneDrive_2024-03-06/Raiz_repositorio (main)
$ git add DP_ControldeCambios_Grupo3-v1.pdf

Usuario@LAPTOP-HN6DR31H MINGW64 ~/ApuntesNotepad++/EnSo/Prácticas/P6_Cambios/OneDrive_2024-03-06/Raiz_repositorio (main)
$ ls
DP_ControldeCambios_Grupo3-v1.pdf
DP_ControldeCambios_Grupo3-v1_1.pdf
DP_ControldeCambios_Grupo3-v1_2.pdf
DP_ControldeCambios_Grupo3-v2.pdf
DP_ControldeCambios_Grupo3-v3_comentarios.pdf
Procesos/
Proyectos/
historia.txt

Usuario@LAPTOP-HN6DR31H MINGW64 ~/ApuntesNotepad++/EnSo/Prácticas/P6_Cambios/OneDrive_2024-03-06/Raiz_repositorio (main)
$ git add ControlDeCambios/DP_ControldeCambios_Grupo3-v1.pdf
fatal: pathspec 'ControlDeCambios/DP_ControldeCambios_Grupo3-v1.pdf' did not match any files

Usuario@LAPTOP-HN6DR31H MINGW64 ~/ApuntesNotepad++/EnSo/Prácticas/P6_Cambios/OneDrive_2024-03-06/Raiz_repositorio (main)
$ git add Procesos/ControlDeCambios/DP_ControldeCambios_Grupo3-v1.pdf

Usuario@LAPTOP-HN6DR31H MINGW64 ~/ApuntesNotepad++/EnSo/Prácticas/P6_Cambios/OneDrive_2024-03-06/Raiz_repositorio (main)
$ git commit -m "Añadir archivo DP_ControldeCambios_Grupo3-v1.pdf a ControlDeCambios"
[main (root-commit) be45a15] Añadir archivo DP_ControldeCambios_Grupo3-v1.pdf a ControlDeCambios
 2 files changed, 0 insertions(+), 0 deletions(-)
 create mode 100644 DP_ControldeCambios_Grupo3-v1.pdf
 create mode 100644 Procesos/ControlDeCambios/DP_ControldeCambios_Grupo3-v1.pdf

Usuario@LAPTOP-HN6DR31H MINGW64 ~/ApuntesNotepad++/EnSo/Prácticas/P6_Cambios/OneDrive_2024-03-06/Raiz_repositorio (main)
$ git tag -a R1 -m "Versión R1 inicial"

Usuario@LAPTOP-HN6DR31H MINGW64 ~/ApuntesNotepad++/EnSo/Prácticas/P6_Cambios/OneDrive_2024-03-06/Raiz_repositorio (main)
$

Usuario@LAPTOP-HN6DR31H MINGW64 ~/ApuntesNotepad++/EnSo/Prácticas/P6_Cambios/OneDrive_2024-03-06/Raiz_repositorio (main)
$ git checkout -b Mejoras
Switched to a new branch 'Mejoras'

Usuario@LAPTOP-HN6DR31H MINGW64 ~/ApuntesNotepad++/EnSo/Prácticas/P6_Cambios/OneDrive_2024-03-06/Raiz_repositorio (Mejoras)
$ cp DP_ControldeCambios_Grupo3-v1_1 /Procesos/ControlDeCambios
cp: cannot stat 'DP_ControldeCambios_Grupo3-v1_1': No such file or directory

Usuario@LAPTOP-HN6DR31H MINGW64 ~/ApuntesNotepad++/EnSo/Prácticas/P6_Cambios/OneDrive_2024-03-06/Raiz_repositorio (Mejoras)
$ ^C

Usuario@LAPTOP-HN6DR31H MINGW64 ~/ApuntesNotepad++/EnSo/Prácticas/P6_Cambios/OneDrive_2024-03-06/Raiz_repositorio (Mejoras)
$ git mv DP_ControldeCambios_Grupo3-v1_1.pdf Procesos/ControlDeCambios/DP_ControldeCambios_Grupo3-v1_1.pdf
fatal: not under version control, source=DP_ControldeCambios_Grupo3-v1_1.pdf, destination=Procesos/ControlDeCambios/DP_ControldeCambios_Grupo3-v1_1.pdf

Usuario@LAPTOP-HN6DR31H MINGW64 ~/ApuntesNotepad++/EnSo/Prácticas/P6_Cambios/OneDrive_2024-03-06/Raiz_repositorio (Mejoras)
$ git add DP_ControldeCambios_Grupo3-v1_1.pdf

Usuario@LAPTOP-HN6DR31H MINGW64 ~/ApuntesNotepad++/EnSo/Prácticas/P6_Cambios/OneDrive_2024-03-06/Raiz_repositorio (Mejoras)
$ git mv DP_ControldeCambios_Grupo3-v1_1.pdf Procesos/ControlDeCambios/DP_ControldeCambios_Grupo3-v1_1.pdf

Usuario@LAPTOP-HN6DR31H MINGW64 ~/ApuntesNotepad++/EnSo/Prácticas/P6_Cambios/OneDrive_2024-03-06/Raiz_repositorio (Mejoras)
$ git commit -m "Mover archivo DP_ControldeCambios_Grupo3-v1_1 a la carpeta ControlDeCambios"
[Mejoras b669365] Mover archivo DP_ControldeCambios_Grupo3-v1_1 a la carpeta ControlDeCambios
 1 file changed, 18990 insertions(+)
 create mode 100644 Procesos/ControlDeCambios/DP_ControldeCambios_Grupo3-v1_1.pdf

Usuario@LAPTOP-HN6DR31H MINGW64 ~/ApuntesNotepad++/EnSo/Prácticas/P6_Cambios/OneDrive_2024-03-06/Raiz_repositorio (Mejoras)
$ git add Procesos/ControlDeCambios/DP_ControldeCambios_Grupo3-v1_1.pdf                       
Usuario@LAPTOP-HN6DR31H MINGW64 ~/ApuntesNotepad++/EnSo/Prácticas/P6_Cambios/OneDrive_2024-03-06/Raiz_repositorio (Mejoras)
$ git commit -m "Agregar propuestas de mejora en PDF"
On branch Mejoras
Untracked files:
  (use "git add <file>..." to include in what will be committed)
        DP_ControldeCambios_Grupo3-v1_2.pdf
        DP_ControldeCambios_Grupo3-v2.pdf
        DP_ControldeCambios_Grupo3-v3_comentarios.pdf
        historia.txt

nothing added to commit but untracked files present (use "git add" to track)

Usuario@LAPTOP-HN6DR31H MINGW64 ~/ApuntesNotepad++/EnSo/Prácticas/P6_Cambios/OneDrive_2024-03-06/Raiz_repositorio (Mejoras)
$ git add historia.txt

Usuario@LAPTOP-HN6DR31H MINGW64 ~/ApuntesNotepad++/EnSo/Prácticas/P6_Cambios/OneDrive_2024-03-06/Raiz_repositorio (Mejoras)
$ git add DP_ControldeCambios_Grupo3-v1_2.pdf
        DP_ControldeCambios_Grupo3-v2.pdf
        DP_ControldeCambios_Grupo3-v3_comentarios.pdf
bash: DP_ControldeCambios_Grupo3-v2.pdf: command not found
bash: DP_ControldeCambios_Grupo3-v3_comentarios.pdf: command not found

Usuario@LAPTOP-HN6DR31H MINGW64 ~/ApuntesNotepad++/EnSo/Prácticas/P6_Cambios/OneDrive_2024-03-06/Raiz_repositorio (Mejoras)
$ git add DP_ControldeCambios_Grupo3-v3_comentarios.pdf

Usuario@LAPTOP-HN6DR31H MINGW64 ~/ApuntesNotepad++/EnSo/Prácticas/P6_Cambios/OneDrive_2024-03-06/Raiz_repositorio (Mejoras)
$ git add DP_ControldeCambios_Grupo3-v2.pdf

Usuario@LAPTOP-HN6DR31H MINGW64 ~/ApuntesNotepad++/EnSo/Prácticas/P6_Cambios/OneDrive_2024-03-06/Raiz_repositorio (Mejoras)
$ git commit -m "Agregar propuestas de mejora en PDF"
[Mejoras 2f18e19] Agregar propuestas de mejora en PDF
 4 files changed, 0 insertions(+), 0 deletions(-)
 create mode 100644 DP_ControldeCambios_Grupo3-v1_2.pdf
 create mode 100644 DP_ControldeCambios_Grupo3-v2.pdf
 create mode 100644 DP_ControldeCambios_Grupo3-v3_comentarios.pdf
 create mode 100644 historia.txt

Usuario@LAPTOP-HN6DR31H MINGW64 ~/ApuntesNotepad++/EnSo/Prácticas/P6_Cambios/OneDrive_2024-03-06/Raiz_repositorio (Mejoras)
$ git commit -m "Actualizar documento de Word a versión v2 y modificar plantillas"
On branch Mejoras
nothing to commit, working tree clean

Usuario@LAPTOP-HN6DR31H MINGW64 ~/ApuntesNotepad++/EnSo/Prácticas/P6_Cambios/OneDrive_2024-03-06/Raiz_repositorio (Mejoras)
$ git checkout main
Switched to branch 'main'

Usuario@LAPTOP-HN6DR31H MINGW64 ~/ApuntesNotepad++/EnSo/Prácticas/P6_Cambios/OneDrive_2024-03-06/Raiz_repositorio (main)
$ git merge Mejoras
Updating be45a15..2f18e19
Fast-forward
 DP_ControldeCambios_Grupo3-v1_2.pdf                |   Bin 0 -> 442840 bytes
 DP_ControldeCambios_Grupo3-v2.pdf                  |   Bin 0 -> 568954 bytes
 DP_ControldeCambios_Grupo3-v3_comentarios.pdf      |   Bin 0 -> 601315 bytes
 .../DP_ControldeCambios_Grupo3-v1_1.pdf            | 18990 +++++++++++++++++++
 historia.txt                                       |     0
 5 files changed, 18990 insertions(+)
 create mode 100644 DP_ControldeCambios_Grupo3-v1_2.pdf
 create mode 100644 DP_ControldeCambios_Grupo3-v2.pdf
 create mode 100644 DP_ControldeCambios_Grupo3-v3_comentarios.pdf
 create mode 100644 Procesos/ControlDeCambios/DP_ControldeCambios_Grupo3-v1_1.pdf
 create mode 100644 historia.txt

Usuario@LAPTOP-HN6DR31H MINGW64 ~/ApuntesNotepad++/EnSo/Prácticas/P6_Cambios/OneDrive_2024-03-06/Raiz_repositorio (main)
$ git branch -d Mejoras
Deleted branch Mejoras (was 2f18e19).

Usuario@LAPTOP-HN6DR31H MINGW64 ~/ApuntesNotepad++/EnSo/Prácticas/P6_Cambios/OneDrive_2024-03-06/Raiz_repositorio (main)
$ git rm Procesos/ControlDeCambios/DP_ControldeCambios_Grupo3-v1_1.pdf
rm 'Procesos/ControlDeCambios/DP_ControldeCambios_Grupo3-v1_1.pdf'

Usuario@LAPTOP-HN6DR31H MINGW64 ~/ApuntesNotepad++/EnSo/Prácticas/P6_Cambios/OneDrive_2024-03-06/Raiz_repositorio (main)
$ rm Procesos/ControlDeCambios/DP_ControldeCambios_Grupo3-v1_1.pdf
rm: cannot remove 'Procesos/ControlDeCambios/DP_ControldeCambios_Grupo3-v1_1.pdf': No such file or directory

Usuario@LAPTOP-HN6DR31H MINGW64 ~/ApuntesNotepad++/EnSo/Prácticas/P6_Cambios/OneDrive_2024-03-06/Raiz_repositorio (main)
$ git commit -m "Eliminar PDF de propuestas de mejora"
[main 75c4185] Eliminar PDF de propuestas de mejora
 1 file changed, 18990 deletions(-)
 delete mode 100644 Procesos/ControlDeCambios/DP_ControldeCambios_Grupo3-v1_1.pdf

Usuario@LAPTOP-HN6DR31H MINGW64 ~/ApuntesNotepad++/EnSo/Prácticas/P6_Cambios/OneDrive_2024-03-06/Raiz_repositorio (main)
$ git commit -m "Actualizar repositorio"
On branch main
nothing to commit, working tree clean

Usuario@LAPTOP-HN6DR31H MINGW64 ~/ApuntesNotepad++/EnSo/Prácticas/P6_Cambios/OneDrive_2024-03-06/Raiz_repositorio (main)
$ git tag -a R2 -m "Versión R2"

Usuario@LAPTOP-HN6DR31H MINGW64 ~/ApuntesNotepad++/EnSo/Prácticas/P6_Cambios/OneDrive_2024-03-06/Raiz_repositorio (main)
$ ls
DP_ControldeCambios_Grupo3-v1.pdf    DP_ControldeCambios_Grupo3-v3_comentarios.pdf
DP_ControldeCambios_Grupo3-v1_2.pdf  Procesos/
DP_ControldeCambios_Grupo3-v2.pdf    Proyectos/
DP_ControldeCambios_Grupo3-v3.docx   historia.txt

Usuario@LAPTOP-HN6DR31H MINGW64 ~/ApuntesNotepad++/EnSo/Prácticas/P6_Cambios/OneDrive_2024-03-06/Raiz_repositorio (main)
$ git add DP_ControldeCambios_Grupo3-v3.docx

Usuario@LAPTOP-HN6DR31H MINGW64 ~/ApuntesNotepad++/EnSo/Prácticas/P6_Cambios/OneDrive_2024-03-06/Raiz_repositorio (main)
$ git mv DP_ControldeCambios_Grupo3-v3.docx Procesos/ControlDeCambios

Usuario@LAPTOP-HN6DR31H MINGW64 ~/ApuntesNotepad++/EnSo/Prácticas/P6_Cambios/OneDrive_2024-03-06/Raiz_repositorio (main)
$ cd Procesos/ControlDeCamvios
bash: cd: Procesos/ControlDeCamvios: No such file or directory

Usuario@LAPTOP-HN6DR31H MINGW64 ~/ApuntesNotepad++/EnSo/Prácticas/P6_Cambios/OneDrive_2024-03-06/Raiz_repositorio (main)
$ cd Procesos/ControlDeCambios

Usuario@LAPTOP-HN6DR31H MINGW64 ~/ApuntesNotepad++/EnSo/Prácticas/P6_Cambios/OneDrive_2024-03-06/Raiz_repositorio/Procesos/ControlDeCambios (main)
$ ls
DP_ControldeCambios_Grupo3-v1.pdf  DP_ControldeCambios_Grupo3-v3.docx

Usuario@LAPTOP-HN6DR31H MINGW64 ~/ApuntesNotepad++/EnSo/Prácticas/P6_Cambios/OneDrive_2024-03-06/Raiz_repositorio/Procesos/ControlDeCambios (main)
$ rm DP_ControldeCambios_Grupo3-v1.pdf

Usuario@LAPTOP-HN6DR31H MINGW64 ~/ApuntesNotepad++/EnSo/Prácticas/P6_Cambios/OneDrive_2024-03-06/Raiz_repositorio/Procesos/ControlDeCambios (main)
$ cd ..
c
Usuario@LAPTOP-HN6DR31H MINGW64 ~/ApuntesNotepad++/EnSo/Prácticas/P6_Cambios/OneDrive_2024-03-06/Raiz_repositorio/Procesos (main)
$ cd ..

Usuario@LAPTOP-HN6DR31H MINGW64 ~/ApuntesNotepad++/EnSo/Prácticas/P6_Cambios/OneDrive_2024-03-06/Raiz_repositorio (main)
$ git add Procesos/ControlDeCambios/DP_ControldeCambios_Grupo3-v3.docx

Usuario@LAPTOP-HN6DR31H MINGW64 ~/ApuntesNotepad++/EnSo/Prácticas/P6_Cambios/OneDrive_2024-03-06/Raiz_repositorio (main)
$ git commit -m "Actualizar documento de Word a versión v3 y modificar plantillas"
[main 926041f] Actualizar documento de Word a versión v3 y modificar plantillas
 1 file changed, 0 insertions(+), 0 deletions(-)
 create mode 100644 Procesos/ControlDeCambios/DP_ControldeCambios_Grupo3-v3.docx

Usuario@LAPTOP-HN6DR31H MINGW64 ~/ApuntesNotepad++/EnSo/Prácticas/P6_Cambios/OneDrive_2024-03-06/Raiz_repositorio (main)
$ git log
commit 926041fb146e9a53d3690cd5222b94741498b0e8 (HEAD -> main)
Author: Brais67 <brais.lence@rai.usc.es>
Date:   Wed Mar 6 18:12:07 2024 +0100

    Actualizar documento de Word a versión v3 y modificar plantillas

commit 75c4185078fd0ba86eae328897c567289f82631d (tag: R2)
Author: Brais67 <brais.lence@rai.usc.es>
Date:   Wed Mar 6 18:01:06 2024 +0100

    Eliminar PDF de propuestas de mejora

commit 2f18e1902c2a2c3f5e922b88199ba0157517e88c
Author: Brais67 <brais.lence@rai.usc.es>
Date:   Wed Mar 6 17:57:53 2024 +0100
commit 926041fb146e9a53d3690cd5222b94741498b0e8 (HEAD -> main)
Author: Brais67 <brais.lence@rai.usc.es>
Date:   Wed Mar 6 18:12:07 2024 +0100

    Actualizar documento de Word a versión v3 y modificar plantillas

commit 75c4185078fd0ba86eae328897c567289f82631d (tag: R2)
Author: Brais67 <brais.lence@rai.usc.es>
Date:   Wed Mar 6 18:01:06 2024 +0100

    Eliminar PDF de propuestas de mejora

commit 2f18e1902c2a2c3f5e922b88199ba0157517e88c
Author: Brais67 <brais.lence@rai.usc.es>
Date:   Wed Mar 6 17:57:53 2024 +0100

    Agregar propuestas de mejora en PDF

commit b66936512fb868e364ba73cc87d8b305ee2f704d
Author: Brais67 <brais.lence@rai.usc.es>
Date:   Wed Mar 6 17:54:06 2024 +0100

    Mover archivo DP_ControldeCambios_Grupo3-v1_1 a la carpeta ControlDeCambios

commit be45a150137ede460d7178d8e33c9d145967ff9a (tag: R1)
Author: Brais67 <brais.lence@rai.usc.es>
Date:   Wed Mar 6 17:46:02 2024 +0100

    Añadir archivo DP_ControldeCambios_Grupo3-v1.pdf a ControlDeCambios

Usuario@LAPTOP-HN6DR31H MINGW64 ~/ApuntesNotepad++/EnSo/Prácticas/P6_Cambios/OneDrive_2024-03-06/Raiz_repositorio (main)
$ git reset --hard 75c4185078fd0ba86eae328897c567289f82631d
HEAD is now at 75c4185 Eliminar PDF de propuestas de mejora

Usuario@LAPTOP-HN6DR31H MINGW64 ~/ApuntesNotepad++/EnSo/Prácticas/P6_Cambios/OneDrive_2024-03-06/Raiz_repositorio (main)
$ git log
commit 75c4185078fd0ba86eae328897c567289f82631d (HEAD -> main, tag: R2)
Author: Brais67 <brais.lence@rai.usc.es>
Date:   Wed Mar 6 18:01:06 2024 +0100

    Eliminar PDF de propuestas de mejora

commit 2f18e1902c2a2c3f5e922b88199ba0157517e88c
Author: Brais67 <brais.lence@rai.usc.es>
Date:   Wed Mar 6 17:57:53 2024 +0100
commit 75c4185078fd0ba86eae328897c567289f82631d (HEAD -> main, tag: R2)
Author: Brais67 <brais.lence@rai.usc.es>
Date:   Wed Mar 6 18:01:06 2024 +0100

    Eliminar PDF de propuestas de mejora

commit 2f18e1902c2a2c3f5e922b88199ba0157517e88c
Author: Brais67 <brais.lence@rai.usc.es>
Date:   Wed Mar 6 17:57:53 2024 +0100

    Agregar propuestas de mejora en PDF

commit b66936512fb868e364ba73cc87d8b305ee2f704d
Author: Brais67 <brais.lence@rai.usc.es>
Date:   Wed Mar 6 17:54:06 2024 +0100

    Mover archivo DP_ControldeCambios_Grupo3-v1_1 a la carpeta ControlDeCambios

commit be45a150137ede460d7178d8e33c9d145967ff9a (tag: R1)
Author: Brais67 <brais.lence@rai.usc.es>
Date:   Wed Mar 6 17:46:02 2024 +0100

    Añadir archivo DP_ControldeCambios_Grupo3-v1.pdf a ControlDeCambios

Usuario@LAPTOP-HN6DR31H MINGW64 ~/ApuntesNotepad++/EnSo/Prácticas/P6_Cambios/OneDrive_2024-03-06/Raiz_repositorio (main)
$ git rm Procesos/ControlDeCambios/DP_ControldeCambios_Grupo3-v1_1.pdf
fatal: pathspec 'Procesos/ControlDeCambios/DP_ControldeCambios_Grupo3-v1_1.pdf' did not match any files

Usuario@LAPTOP-HN6DR31H MINGW64 ~/ApuntesNotepad++/EnSo/Prácticas/P6_Cambios/OneDrive_2024-03-06/Raiz_repositorio (main)
$ git add DP_ControldeCambios_Grupo3-v3.docx
fatal: pathspec 'DP_ControldeCambios_Grupo3-v3.docx' did not match any files

Usuario@LAPTOP-HN6DR31H MINGW64 ~/ApuntesNotepad++/EnSo/Prácticas/P6_Cambios/OneDrive_2024-03-06/Raiz_repositorio (main)
$ git add DP_ControldeCambios_Grupo3-v3.docx

Usuario@LAPTOP-HN6DR31H MINGW64 ~/ApuntesNotepad++/EnSo/Prácticas/P6_Cambios/OneDrive_2024-03-06/Raiz_repositorio (main)
$ git add Procesos/ControlDeCambios/DP_ControldeCambios_Grupo3-v3.docx
fatal: pathspec 'Procesos/ControlDeCambios/DP_ControldeCambios_Grupo3-v3.docx' did not match any files

Usuario@LAPTOP-HN6DR31H MINGW64 ~/ApuntesNotepad++/EnSo/Prácticas/P6_Cambios/OneDrive_2024-03-06/Raiz_repositorio (main)
$ git mv DP_ControldeCambios_Grupo3-v3.docx Procesos/ControlDeCambios

Usuario@LAPTOP-HN6DR31H MINGW64 ~/ApuntesNotepad++/EnSo/Prácticas/P6_Cambios/OneDrive_2024-03-06/Raiz_repositorio (main)
$ git add Procesos/ControlDeCambios/DP_ControldeCambios_Grupo3-v3.docx

Usuario@LAPTOP-HN6DR31H MINGW64 ~/ApuntesNotepad++/EnSo/Prácticas/P6_Cambios/OneDrive_2024-03-06/Raiz_repositorio (main)
$ git commit -m "Revertir a la versión anterior y actualizar a la versión 3 con sus plantillas"
[main 76fe2a6] Revertir a la versión anterior y actualizar a la versión 3 con sus plantillas
 1 file changed, 0 insertions(+), 0 deletions(-)
 create mode 100644 Procesos/ControlDeCambios/DP_ControldeCambios_Grupo3-v3.docx

Usuario@LAPTOP-HN6DR31H MINGW64 ~/ApuntesNotepad++/EnSo/Prácticas/P6_Cambios/OneDrive_2024-03-06/Raiz_repositorio (main)
$ git tag -a R3 -m "Versión R3"

Usuario@LAPTOP-HN6DR31H MINGW64 ~/ApuntesNotepad++/EnSo/Prácticas/P6_Cambios/OneDrive_2024-03-06/Raiz_repositorio (main)
$ git push origin main
fatal: 'origin' does not appear to be a git repository
fatal: Could not read from remote repository.

Please make sure you have the correct access rights
and the repository exists.

Usuario@LAPTOP-HN6DR31H MINGW64 ~/ApuntesNotepad++/EnSo/Prácticas/P6_Cambios/OneDrive_2024-03-06/Raiz_repositorio (main)
$ git push main
fatal: The current branch main has no upstream branch.
To push the current branch and set the remote as upstream, use

    git push --set-upstream main main

To have this happen automatically for branches without a tracking
upstream, see 'push.autoSetupRemote' in 'git help config'.


Usuario@LAPTOP-HN6DR31H MINGW64 ~/ApuntesNotepad++/EnSo/Prácticas/P6_Cambios/OneDrive_2024-03-06/Raiz_repositorio (main)
$ git push --set-upstream main main
fatal: 'main' does not appear to be a git repository
fatal: Could not read from remote repository.

Please make sure you have the correct access rights
and the repository exists.

Usuario@LAPTOP-HN6DR31H MINGW64 ~/ApuntesNotepad++/EnSo/Prácticas/P6_Cambios/OneDrive_2024-03-06/Raiz_repositorio (main)
$ git push Raiz_Repositorio main
fatal: 'Raiz_Repositorio' does not appear to be a git repository
fatal: Could not read from remote repository.

Please make sure you have the correct access rights
and the repository exists.

Usuario@LAPTOP-HN6DR31H MINGW64 ~/ApuntesNotepad++/EnSo/Prácticas/P6_Cambios/OneDrive_2024-03-06/Raiz_repositorio (main)
$ git remote add origin https://github.com/Brais67/Control-de-Cambios-ENSO/tree/main

Usuario@LAPTOP-HN6DR31H MINGW64 ~/ApuntesNotepad++/EnSo/Prácticas/P6_Cambios/OneDrive_2024-03-06/Raiz_repositorio (main)
$ git push origin main
fatal: repository 'https://github.com/Brais67/Control-de-Cambios-ENSO/tree/main/' not found

Usuario@LAPTOP-HN6DR31H MINGW64 ~/ApuntesNotepad++/EnSo/Prácticas/P6_Cambios/OneDrive_2024-03-06/Raiz_repositorio (main)
$ git remote add origin https://github.com/Brais67/Control-de-Cambios-ENSO
error: remote origin already exists.

Usuario@LAPTOP-HN6DR31H MINGW64 ~/ApuntesNotepad++/EnSo/Prácticas/P6_Cambios/OneDrive_2024-03-06/Raiz_repositorio (main)
$ ^C

Usuario@LAPTOP-HN6DR31H MINGW64 ~/ApuntesNotepad++/EnSo/Prácticas/P6_Cambios/OneDrive_2024-03-06/Raiz_repositorio (main)
$ git remote set-url origin https://github.com/Brais67/Control-de-Cambios-ENSO.git

Usuario@LAPTOP-HN6DR31H MINGW64 ~/ApuntesNotepad++/EnSo/Prácticas/P6_Cambios/OneDrive_2024-03-06/Raiz_repositorio (main)
$ git push origin main
To https://github.com/Brais67/Control-de-Cambios-ENSO.git
 ! [rejected]        main -> main (fetch first)
error: failed to push some refs to 'https://github.com/Brais67/Control-de-Cambios-ENSO.git'
hint: Updates were rejected because the remote contains work that you do not
hint: have locally. This is usually caused by another repository pushing to
hint: the same ref. If you want to integrate the remote changes, use
hint: 'git pull' before pushing again.
hint: See the 'Note about fast-forwards' in 'git push --help' for details.

Usuario@LAPTOP-HN6DR31H MINGW64 ~/ApuntesNotepad++/EnSo/Prácticas/P6_Cambios/OneDrive_2024-03-06/Raiz_repositorio (main)
$ git pull origin main
remote: Enumerating objects: 11, done.
remote: Counting objects: 100% (11/11), done.
remote: Compressing objects: 100% (4/4), done.
remote: Total 11 (delta 0), reused 11 (delta 0), pack-reused 0
Unpacking objects: 100% (11/11), 869 bytes | 9.00 KiB/s, done.
From https://github.com/Brais67/Control-de-Cambios-ENSO
 * branch            main       -> FETCH_HEAD
 * [new branch]      main       -> origin/main
hint: Diverging branches can't be fast-forwarded, you need to either:
hint:
hint:   git merge --no-ff
hint:
hint: or:
hint:
hint:   git rebase
hint:
hint: Disable this message with "git config advice.diverging false"
fatal: Not possible to fast-forward, aborting.

Usuario@LAPTOP-HN6DR31H MINGW64 ~/ApuntesNotepad++/EnSo/Prácticas/P6_Cambios/OneDrive_2024-03-06/Raiz_repositorio (main)
$ git add README.MD

Usuario@LAPTOP-HN6DR31H MINGW64 ~/ApuntesNotepad++/EnSo/Prácticas/P6_Cambios/OneDrive_2024-03-06/Raiz_repositorio (main)
$ git commit -m
error: switch `m' requires a value

Usuario@LAPTOP-HN6DR31H MINGW64 ~/ApuntesNotepad++/EnSo/Prácticas/P6_Cambios/OneDrive_2024-03-06/Raiz_repositorio (main)
$ git commit
On branch main
Untracked files:
  (use "git add <file>..." to include in what will be committed)
        README.md

nothing added to commit but untracked files present (use "git add" to track)

Usuario@LAPTOP-HN6DR31H MINGW64 ~/ApuntesNotepad++/EnSo/Prácticas/P6_Cambios/OneDrive_2024-03-06/Raiz_repositorio (main)
$ git add README.md

Usuario@LAPTOP-HN6DR31H MINGW64 ~/ApuntesNotepad++/EnSo/Prácticas/P6_Cambios/OneDrive_2024-03-06/Raiz_repositorio (main)
$ git commit
Aborting commit due to empty commit message.

Usuario@LAPTOP-HN6DR31H MINGW64 ~/ApuntesNotepad++/EnSo/Prácticas/P6_Cambios/OneDrive_2024-03-06/Raiz_repositorio (main)
$ git commit -m "Actualizando repositorio"
[main 2eb5252] Actualizando repositorio
 1 file changed, 1 insertion(+)
 create mode 100644 README.md

Usuario@LAPTOP-HN6DR31H MINGW64 ~/ApuntesNotepad++/EnSo/Prácticas/P6_Cambios/OneDrive_2024-03-06/Raiz_repositorio (main)
$ git remote set-url origin https://github.com/Brais67/Control-de-Cambios-ENSO_Individual.git

Usuario@LAPTOP-HN6DR31H MINGW64 ~/ApuntesNotepad++/EnSo/Prácticas/P6_Cambios/OneDrive_2024-03-06/Raiz_repositorio (main)
$ git push origin main
To https://github.com/Brais67/Control-de-Cambios-ENSO_Individual.git
 ! [rejected]        main -> main (fetch first)
error: failed to push some refs to 'https://github.com/Brais67/Control-de-Cambios-ENSO_Individual.git'
hint: Updates were rejected because the remote contains work that you do not
hint: have locally. This is usually caused by another repository pushing to
hint: the same ref. If you want to integrate the remote changes, use
hint: 'git pull' before pushing again.
hint: See the 'Note about fast-forwards' in 'git push --help' for details.

Usuario@LAPTOP-HN6DR31H MINGW64 ~/ApuntesNotepad++/EnSo/Prácticas/P6_Cambios/OneDrive_2024-03-06/Raiz_repositorio (main)
$ git pull origin main
remote: Enumerating objects: 3, done.
remote: Counting objects: 100% (3/3), done.
remote: Total 3 (delta 0), reused 0 (delta 0), pack-reused 0
Unpacking objects: 100% (3/3), 898 bytes | 99.00 KiB/s, done.
From https://github.com/Brais67/Control-de-Cambios-ENSO_Individual
 * branch            main       -> FETCH_HEAD
 + 7b0b579...8ed323a main       -> origin/main  (forced update)
hint: Diverging branches can't be fast-forwarded, you need to either:
hint:
hint:   git merge --no-ff
hint:
hint: or:
hint:
hint:   git rebase
hint:
hint: Disable this message with "git config advice.diverging false"
fatal: Not possible to fast-forward, aborting.

Usuario@LAPTOP-HN6DR31H MINGW64 ~/ApuntesNotepad++/EnSo/Prácticas/P6_Cambios/OneDrive_2024-03-06/Raiz_repositorio (main)
$ git force push origin main
git: 'force' is not a git command. See 'git --help'.

Usuario@LAPTOP-HN6DR31H MINGW64 ~/ApuntesNotepad++/EnSo/Prácticas/P6_Cambios/OneDrive_2024-03-06/Raiz_repositorio (main)
$ git --help
usage: git [-v | --version] [-h | --help] [-C <path>] [-c <name>=<value>]
           [--exec-path[=<path>]] [--html-path] [--man-path] [--info-path]
           [-p | --paginate | -P | --no-pager] [--no-replace-objects] [--bare]
           [--git-dir=<path>] [--work-tree=<path>] [--namespace=<name>]
           [--config-env=<name>=<envvar>] <command> [<args>]

These are common Git commands used in various situations:

start a working area (see also: git help tutorial)
   clone     Clone a repository into a new directory
   init      Create an empty Git repository or reinitialize an existing one

work on the current change (see also: git help everyday)
   add       Add file contents to the index
   mv        Move or rename a file, a directory, or a symlink
   restore   Restore working tree files
   rm        Remove files from the working tree and from the index

examine the history and state (see also: git help revisions)
   bisect    Use binary search to find the commit that introduced a bug
   diff      Show changes between commits, commit and working tree, etc
   grep      Print lines matching a pattern
   log       Show commit logs
   show      Show various types of objects
   status    Show the working tree status

grow, mark and tweak your common history
   branch    List, create, or delete branches
   commit    Record changes to the repository
   merge     Join two or more development histories together
   rebase    Reapply commits on top of another base tip
   reset     Reset current HEAD to the specified state
   switch    Switch branches
   tag       Create, list, delete or verify a tag object signed with GPG

collaborate (see also: git help workflows)
   fetch     Download objects and refs from another repository
   pull      Fetch from and integrate with another repository or a local branch
   push      Update remote refs along with associated objects

'git help -a' and 'git help -g' list available subcommands and some
concept guides. See 'git help <command>' or 'git help <concept>'
to read about a specific subcommand or concept.
See 'git help git' for an overview of the system.

Usuario@LAPTOP-HN6DR31H MINGW64 ~/ApuntesNotepad++/EnSo/Prácticas/P6_Cambios/OneDrive_2024-03-06/Raiz_repositorio (main)
$ git help push

Usuario@LAPTOP-HN6DR31H MINGW64 ~/ApuntesNotepad++/EnSo/Prácticas/P6_Cambios/OneDrive_2024-03-06/Raiz_repositorio (main)
$ git --force push origin main
unknown option: --force
usage: git [-v | --version] [-h | --help] [-C <path>] [-c <name>=<value>]
           [--exec-path[=<path>]] [--html-path] [--man-path] [--info-path]
           [-p | --paginate | -P | --no-pager] [--no-replace-objects] [--bare]
           [--git-dir=<path>] [--work-tree=<path>] [--namespace=<name>]
           [--config-env=<name>=<envvar>] <command> [<args>]

Usuario@LAPTOP-HN6DR31H MINGW64 ~/ApuntesNotepad++/EnSo/Prácticas/P6_Cambios/OneDrive_2024-03-06/Raiz_repositorio (main)
$ git push -force origin main
error: did you mean `--force` (with two dashes)?

Usuario@LAPTOP-HN6DR31H MINGW64 ~/ApuntesNotepad++/EnSo/Prácticas/P6_Cambios/OneDrive_2024-03-06/Raiz_repositorio (main)
$ git push --force origin main
Enumerating objects: 26, done.
Counting objects: 100% (26/26), done.
Delta compression using up to 8 threads
Compressing objects: 100% (21/21), done.
Writing objects: 100% (26/26), 1.31 MiB | 937.00 KiB/s, done.
Total 26 (delta 9), reused 0 (delta 0), pack-reused 0
remote: Resolving deltas: 100% (9/9), done.
To https://github.com/Brais67/Control-de-Cambios-ENSO_Individual.git
 + 8ed323a...2eb5252 main -> main (forced update)

Usuario@LAPTOP-HN6DR31H MINGW64 ~/ApuntesNotepad++/EnSo/Prácticas/P6_Cambios/OneDrive_2024-03-06/Raiz_repositorio (main)
$ git pull origin main
From https://github.com/Brais67/Control-de-Cambios-ENSO_Individual
 * branch            main       -> FETCH_HEAD
Already up to date.

Usuario@LAPTOP-HN6DR31H MINGW64 ~/ApuntesNotepad++/EnSo/Prácticas/P6_Cambios/OneDrive_2024-03-06/Raiz_repositorio (main)
$ ~/.bash_history
error: did you mean `--list` (with two dashes)?
diff.astextplain.textconv=astextplain
filter.lfs.clean=git-lfs clean -- %f
filter.lfs.smudge=git-lfs smudge -- %f
filter.lfs.process=git-lfs filter-process
filter.lfs.required=true
http.sslbackend=openssl
http.sslcainfo=C:/Program Files/Git/mingw64/etc/ssl/certs/ca-bundle.crt
core.autocrlf=true
core.fscache=true
core.symlinks=false
pull.ff=only
credential.helper=manager
credential.https://dev.azure.com.usehttppath=true
init.defaultbranch=main
Usuario@LAPTOP-HN6DR31H MINGW64 ~/ApuntesNotepad++/EnSo/Prácticas/P6_Cambios/OneDrive_2024-03-06/Raiz_repositorio (main)
$ git pull origin main
remote: Enumerating objects: 5, done.
remote: Counting objects: 100% (5/5), done.
remote: Compressing objects: 100% (3/3), done.
remote: Total 3 (delta 1), reused 0 (delta 0), pack-reused 0
Unpacking objects: 100% (3/3), 5.46 KiB | 559.00 KiB/s, done.
From https://github.com/Brais67/Control-de-Cambios-ENSO_Individual
 * branch            main       -> FETCH_HEAD
   2eb5252..355048b  main       -> origin/main
Updating 2eb5252..355048b
Fast-forward
 historia.txt | 631 +++++++++++++++++++++++++++++++++++++++++++++++++++++++++++
 1 file changed, 631 insertions(+)
Usuario@LAPTOP-HN6DR31H MINGW64 ~/ApuntesNotepad++/EnSo/Prácticas/P6_Cambios/OneDrive_2024-03-06/Raiz_repositorio (main)
$ git diff historia.txt
